// Jest Snapshot v1, https://goo.gl/fbAQLP

exports[`Footer Component, snapshot testing should match the snapshot 1`] = `
<div
  className="footer"
>
  <div
    className="adverts"
  >
    <div
      className="ds-l-container"
    >
      <div
        className="ds-l-row"
      >
        <div
          className="chip-info ds-l-col--6"
        >
          <div
            className="medicaid-logo"
          >
            <img
              alt="Medicaid.gov"
              src="/img/medicadelogo.png"
            />
          </div>
          <div
            className="macpro-logo"
          >
            <img
              alt="MACPro.gov"
              src="/img/MACProLogotransparent.png"
            />
          </div>
        </div>
        <div
          className="cms-branding ds-l-col--6"
        >
          <div
            className="cms-logo"
          >
            <img
              alt="Department of Health and Human Services, USA"
              src="/img/hhs-logo.png"
            />
          </div>
          <div
            className="cms-copy"
          >
            A federal government website managed and paid for by the U.S. Centers for Medicare and Medicaid Services and part of the MACPro suite.
          </div>
        </div>
      </div>
    </div>
  </div>
  <div
    className="info"
  >
    <div
      className="ds-l-container"
    >
      <div
        className="ds-l-row"
      >
        <div
          className="help ds-l-col--6"
        >
          Email
           
          <a
            className="help"
            href="mailto:cartshelp@cms.hhs.gov"
          >
            CARTSHELP@cms.hhs.gov
          </a>
           
          for help or feedback.
        </div>
        <div
          className="address ds-l-col--6"
        >
          7500 Security Boulevard Baltimore, MD 21244
        </div>
      </div>
    </div>
  </div>
</div>
`;
